Archive member included to satisfy reference by file (symbol)

../RLC_serialCheck_bsp/\libhal_bsp.a(alt_load.o)
                              ../RLC_serialCheck_bsp//obj/HAL/src/crt0.o (alt_load)
../RLC_serialCheck_bsp/\libhal_bsp.a(alt_main.o)
                              ../RLC_serialCheck_bsp//obj/HAL/src/crt0.o (alt_main)
../RLC_serialCheck_bsp/\libhal_bsp.a(alt_sys_init.o)
                              ../RLC_serialCheck_bsp/\libhal_bsp.a(alt_main.o) (alt_irq_init)
../RLC_serialCheck_bsp/\libhal_bsp.a(alt_dcache_flush_all.o)
                              ../RLC_serialCheck_bsp/\libhal_bsp.a(alt_load.o) (alt_dcache_flush_all)
../RLC_serialCheck_bsp/\libhal_bsp.a(alt_icache_flush_all.o)
                              ../RLC_serialCheck_bsp/\libhal_bsp.a(alt_load.o) (alt_icache_flush_all)
../RLC_serialCheck_bsp/\libhal_bsp.a(altera_nios2_qsys_irq.o)
                              ../RLC_serialCheck_bsp/\libhal_bsp.a(alt_sys_init.o) (altera_nios2_qsys_irq_init)

Memory Configuration

Name             Origin             Length             Attributes
reset            0x0000000000040000 0x0000000000000020
onchip_mem       0x0000000000040020 0x0000000000030d20
*default*        0x0000000000000000 0xffffffffffffffff

Linker script and memory map

LOAD ../RLC_serialCheck_bsp//obj/HAL/src/crt0.o
LOAD c:/altera_lite/16.0/nios2eds/bin/gnu/h-x86_64-mingw32/bin/../lib/gcc/nios2-elf/5.2.0/../../../../../H-x86_64-mingw32/nios2-elf/lib/mno-hw-mul\libstdc++.a
LOAD c:/altera_lite/16.0/nios2eds/bin/gnu/h-x86_64-mingw32/bin/../lib/gcc/nios2-elf/5.2.0/../../../../../H-x86_64-mingw32/nios2-elf/lib/mno-hw-mul\libm.a
LOAD c:/altera_lite/16.0/nios2eds/bin/gnu/h-x86_64-mingw32/bin/../lib/gcc/nios2-elf/5.2.0/mno-hw-mul\libgcc.a
START GROUP
LOAD c:/altera_lite/16.0/nios2eds/bin/gnu/h-x86_64-mingw32/bin/../lib/gcc/nios2-elf/5.2.0/../../../../../H-x86_64-mingw32/nios2-elf/lib/mno-hw-mul\libsmallc.a
LOAD c:/altera_lite/16.0/nios2eds/bin/gnu/h-x86_64-mingw32/bin/../lib/gcc/nios2-elf/5.2.0/mno-hw-mul\libgcc.a
LOAD ../RLC_serialCheck_bsp/\libhal_bsp.a
LOAD c:/altera_lite/16.0/nios2eds/bin/gnu/h-x86_64-mingw32/bin/../lib/gcc/nios2-elf/5.2.0/../../../../../H-x86_64-mingw32/nios2-elf/lib/mno-hw-mul\libm.a
END GROUP
LOAD c:/altera_lite/16.0/nios2eds/bin/gnu/h-x86_64-mingw32/bin/../lib/gcc/nios2-elf/5.2.0/mno-hw-mul\libgcc.a
                0x0000000000040000                __alt_mem_onchip_mem = 0x40000

.entry          0x0000000000040000       0x20
 *(.entry)
 .entry         0x0000000000040000       0x20 ../RLC_serialCheck_bsp//obj/HAL/src/crt0.o
                0x0000000000040000                __reset
                0x000000000004000c                _exit

.exceptions     0x0000000000040020        0x0
                0x0000000000040020                PROVIDE (__ram_exceptions_start, ABSOLUTE (.))
                0x0000000000040020                . = ALIGN (0x20)
 *(.irq)
 *(.exceptions.entry.label)
 *(.exceptions.entry.user)
 *(.exceptions.entry.ecc_fatal)
 *(.exceptions.entry)
 *(.exceptions.irqtest.user)
 *(.exceptions.irqtest)
 *(.exceptions.irqhandler.user)
 *(.exceptions.irqhandler)
 *(.exceptions.irqreturn.user)
 *(.exceptions.irqreturn)
 *(.exceptions.notirq.label)
 *(.exceptions.notirq.user)
 *(.exceptions.notirq)
 *(.exceptions.soft.user)
 *(.exceptions.soft)
 *(.exceptions.unknown.user)
 *(.exceptions.unknown)
 *(.exceptions.exit.label)
 *(.exceptions.exit.user)
 *(.exceptions.exit)
 *(.exceptions)
                0x0000000000040020                PROVIDE (__ram_exceptions_end, ABSOLUTE (.))
                0x0000000000040020                PROVIDE (__flash_exceptions_start, LOADADDR (.exceptions))

.text           0x0000000000040020      0x17c
                [!provide]                        PROVIDE (stext, ABSOLUTE (.))
 *(.interp)
 *(.hash)
 *(.dynsym)
 *(.dynstr)
 *(.gnu.version)
 *(.gnu.version_d)
 *(.gnu.version_r)
 *(.rel.init)
 *(.rela.init)
 *(.rel.text .rel.text.* .rel.gnu.linkonce.t.*)
 *(.rela.text .rela.text.* .rela.gnu.linkonce.t.*)
 *(.rel.fini)
 *(.rela.fini)
 *(.rel.rodata .rel.rodata.* .rel.gnu.linkonce.r.*)
 *(.rela.rodata .rela.rodata.* .rela.gnu.linkonce.r.*)
 *(.rel.data .rel.data.* .rel.gnu.linkonce.d.*)
 *(.rela.data .rela.data.* .rela.gnu.linkonce.d.*)
 *(.rel.tdata .rel.tdata.* .rel.gnu.linkonce.td.*)
 *(.rela.tdata .rela.tdata.* .rela.gnu.linkonce.td.*)
 *(.rel.tbss .rel.tbss.* .rel.gnu.linkonce.tb.*)
 *(.rela.tbss .rela.tbss.* .rela.gnu.linkonce.tb.*)
 *(.rel.ctors)
 *(.rela.ctors)
 *(.rel.dtors)
 *(.rela.dtors)
 *(.rel.got)
 *(.rela.got)
 *(.rel.sdata .rel.sdata.* .rel.gnu.linkonce.s.*)
 *(.rela.sdata .rela.sdata.* .rela.gnu.linkonce.s.*)
 *(.rel.sbss .rel.sbss.* .rel.gnu.linkonce.sb.*)
 *(.rela.sbss .rela.sbss.* .rela.gnu.linkonce.sb.*)
 *(.rel.sdata2 .rel.sdata2.* .rel.gnu.linkonce.s2.*)
 *(.rela.sdata2 .rela.sdata2.* .rela.gnu.linkonce.s2.*)
 *(.rel.sbss2 .rel.sbss2.* .rel.gnu.linkonce.sb2.*)
 *(.rela.sbss2 .rela.sbss2.* .rela.gnu.linkonce.sb2.*)
 *(.rel.bss .rel.bss.* .rel.gnu.linkonce.b.*)
 *(.rela.bss .rela.bss.* .rela.gnu.linkonce.b.*)
 *(.rel.plt)
 *(.rela.plt)
 *(.rel.dyn)
 *(.init)
 *(.plt)
 *(.text .stub .text.* .gnu.linkonce.t.*)
 .text          0x0000000000040020       0x3c ../RLC_serialCheck_bsp//obj/HAL/src/crt0.o
                0x0000000000040020                _start
 .text          0x000000000004005c       0xe0 ../RLC_serialCheck_bsp/\libhal_bsp.a(alt_load.o)
                0x000000000004005c                alt_load
 .text          0x000000000004013c       0x2c ../RLC_serialCheck_bsp/\libhal_bsp.a(alt_main.o)
                0x000000000004013c                alt_main
 .text          0x0000000000040168       0x24 ../RLC_serialCheck_bsp/\libhal_bsp.a(alt_sys_init.o)
                0x0000000000040168                alt_irq_init
                0x0000000000040188                alt_sys_init
 .text          0x000000000004018c        0x4 ../RLC_serialCheck_bsp/\libhal_bsp.a(alt_dcache_flush_all.o)
                0x000000000004018c                alt_dcache_flush_all
 .text          0x0000000000040190        0x4 ../RLC_serialCheck_bsp/\libhal_bsp.a(alt_icache_flush_all.o)
                0x0000000000040190                alt_icache_flush_all
 .text          0x0000000000040194        0x8 ../RLC_serialCheck_bsp/\libhal_bsp.a(altera_nios2_qsys_irq.o)
                0x0000000000040194                altera_nios2_qsys_irq_init
 *(.gnu.warning.*)
 *(.fini)
                [!provide]                        PROVIDE (__etext, ABSOLUTE (.))
                [!provide]                        PROVIDE (_etext, ABSOLUTE (.))
                [!provide]                        PROVIDE (etext, ABSOLUTE (.))
 *(.eh_frame_hdr)
                0x000000000004019c                . = ALIGN (0x4)
                [!provide]                        PROVIDE (__preinit_array_start, ABSOLUTE (.))
 *(.preinit_array)
                [!provide]                        PROVIDE (__preinit_array_end, ABSOLUTE (.))
                [!provide]                        PROVIDE (__init_array_start, ABSOLUTE (.))
 *(.init_array)
                [!provide]                        PROVIDE (__init_array_end, ABSOLUTE (.))
                [!provide]                        PROVIDE (__fini_array_start, ABSOLUTE (.))
 *(.fini_array)
                [!provide]                        PROVIDE (__fini_array_end, ABSOLUTE (.))
 *(.eh_frame)
 *(.gcc_except_table .gcc_except_table.*)
 *(.dynamic)
                [!provide]                        PROVIDE (__CTOR_LIST__, ABSOLUTE (.))
 *(.ctors)
 *(SORT(.ctors.*))
                [!provide]                        PROVIDE (__CTOR_END__, ABSOLUTE (.))
                [!provide]                        PROVIDE (__DTOR_LIST__, ABSOLUTE (.))
 *(.dtors)
 *(SORT(.dtors.*))
                [!provide]                        PROVIDE (__DTOR_END__, ABSOLUTE (.))
 *(.jcr)
                0x000000000004019c                . = ALIGN (0x4)

.rodata         0x000000000004019c        0x0
                0x000000000004019c                PROVIDE (__ram_rodata_start, ABSOLUTE (.))
                0x000000000004019c                . = ALIGN (0x4)
 *(.rodata .rodata.* .gnu.linkonce.r.*)
 *(.rodata1)
                0x000000000004019c                . = ALIGN (0x4)
                0x000000000004019c                PROVIDE (__ram_rodata_end, ABSOLUTE (.))
                0x000000000004019c                PROVIDE (__flash_rodata_start, LOADADDR (.rodata))

.rwdata         0x000000000004019c        0x4 load address 0x00000000000401a0
                0x000000000004019c                PROVIDE (__ram_rwdata_start, ABSOLUTE (.))
                0x000000000004019c                . = ALIGN (0x4)
 *(.got.plt)
 *(.got)
 *(.data1)
 *(.data .data.* .gnu.linkonce.d.*)
 .data          0x000000000004019c        0x0 ../RLC_serialCheck_bsp//obj/HAL/src/crt0.o
 .data          0x000000000004019c        0x0 ../RLC_serialCheck_bsp/\libhal_bsp.a(alt_load.o)
 .data          0x000000000004019c        0x0 ../RLC_serialCheck_bsp/\libhal_bsp.a(alt_main.o)
 .data          0x000000000004019c        0x0 ../RLC_serialCheck_bsp/\libhal_bsp.a(alt_sys_init.o)
 .data          0x000000000004019c        0x0 ../RLC_serialCheck_bsp/\libhal_bsp.a(alt_dcache_flush_all.o)
 .data          0x000000000004019c        0x0 ../RLC_serialCheck_bsp/\libhal_bsp.a(alt_icache_flush_all.o)
 .data          0x000000000004019c        0x0 ../RLC_serialCheck_bsp/\libhal_bsp.a(altera_nios2_qsys_irq.o)
                0x000000000004819c                _gp = ABSOLUTE ((. + 0x8000))
                [!provide]                        PROVIDE (gp, _gp)
 *(.rwdata .rwdata.*)
 *(.sdata .sdata.* .gnu.linkonce.s.*)
 .sdata         0x000000000004019c        0x4 ../RLC_serialCheck_bsp/\libhal_bsp.a(alt_sys_init.o)
                0x000000000004019c                jtag_uart
 *(.sdata2 .sdata2.* .gnu.linkonce.s2.*)
                0x00000000000401a0                . = ALIGN (0x4)
                0x00000000000401a0                _edata = ABSOLUTE (.)
                [!provide]                        PROVIDE (edata, ABSOLUTE (.))
                0x00000000000401a0                PROVIDE (__ram_rwdata_end, ABSOLUTE (.))
                0x00000000000401a0                PROVIDE (__flash_rwdata_start, LOADADDR (.rwdata))

.bss            0x00000000000401a4        0xc
                0x00000000000401a4                __bss_start = ABSOLUTE (.)
                [!provide]                        PROVIDE (__sbss_start, ABSOLUTE (.))
                [!provide]                        PROVIDE (___sbss_start, ABSOLUTE (.))
 *(.dynsbss)
 *(.sbss .sbss.* .gnu.linkonce.sb.*)
 .sbss          0x00000000000401a4        0xc ../RLC_serialCheck_bsp/\libhal_bsp.a(alt_main.o)
                0x00000000000401a4                alt_envp
                0x00000000000401a8                alt_argv
                0x00000000000401ac                alt_argc
 *(.sbss2 .sbss2.* .gnu.linkonce.sb2.*)
 *(.scommon)
                [!provide]                        PROVIDE (__sbss_end, ABSOLUTE (.))
                [!provide]                        PROVIDE (___sbss_end, ABSOLUTE (.))
 *(.dynbss)
 *(.bss .bss.* .gnu.linkonce.b.*)
 .bss           0x00000000000401b0        0x0 ../RLC_serialCheck_bsp//obj/HAL/src/crt0.o
 .bss           0x00000000000401b0        0x0 ../RLC_serialCheck_bsp/\libhal_bsp.a(alt_load.o)
 .bss           0x00000000000401b0        0x0 ../RLC_serialCheck_bsp/\libhal_bsp.a(alt_main.o)
 .bss           0x00000000000401b0        0x0 ../RLC_serialCheck_bsp/\libhal_bsp.a(alt_sys_init.o)
 .bss           0x00000000000401b0        0x0 ../RLC_serialCheck_bsp/\libhal_bsp.a(alt_dcache_flush_all.o)
 .bss           0x00000000000401b0        0x0 ../RLC_serialCheck_bsp/\libhal_bsp.a(alt_icache_flush_all.o)
 .bss           0x00000000000401b0        0x0 ../RLC_serialCheck_bsp/\libhal_bsp.a(altera_nios2_qsys_irq.o)
 *(COMMON)
                0x00000000000401b0                . = ALIGN (0x4)
                0x00000000000401b0                __bss_end = ABSOLUTE (.)

.onchip_mem     0x00000000000401b0        0x0
                [!provide]                        PROVIDE (_alt_partition_onchip_mem_start, ABSOLUTE (.))
 *(.onchip_mem .onchip_mem. onchip_mem.*)
                0x00000000000401b0                . = ALIGN (0x4)
                [!provide]                        PROVIDE (_alt_partition_onchip_mem_end, ABSOLUTE (.))
                0x00000000000401b0                _end = ABSOLUTE (.)
                0x00000000000401b0                end = ABSOLUTE (.)
                0x00000000000401b0                __alt_stack_base = ABSOLUTE (.)
                [!provide]                        PROVIDE (_alt_partition_onchip_mem_load_addr, LOADADDR (.onchip_mem))

.stab
 *(.stab)

.stabstr
 *(.stabstr)

.stab.excl
 *(.stab.excl)

.stab.exclstr
 *(.stab.exclstr)

.stab.index
 *(.stab.index)

.stab.indexstr
 *(.stab.indexstr)

.comment        0x0000000000000000       0x23
 *(.comment)
 .comment       0x0000000000000000       0x23 ../RLC_serialCheck_bsp/\libhal_bsp.a(alt_load.o)
                                         0x24 (size before relaxing)
 .comment       0x0000000000000023       0x24 ../RLC_serialCheck_bsp/\libhal_bsp.a(alt_main.o)
 .comment       0x0000000000000023       0x24 ../RLC_serialCheck_bsp/\libhal_bsp.a(alt_sys_init.o)
 .comment       0x0000000000000023       0x24 ../RLC_serialCheck_bsp/\libhal_bsp.a(alt_dcache_flush_all.o)
 .comment       0x0000000000000023       0x24 ../RLC_serialCheck_bsp/\libhal_bsp.a(alt_icache_flush_all.o)
 .comment       0x0000000000000023       0x24 ../RLC_serialCheck_bsp/\libhal_bsp.a(altera_nios2_qsys_irq.o)

.debug
 *(.debug)

.line
 *(.line)

.debug_srcinfo
 *(.debug_srcinfo)

.debug_sfnames
 *(.debug_sfnames)

.debug_aranges  0x0000000000000000       0xe8
 *(.debug_aranges)
 .debug_aranges
                0x0000000000000000       0x28 ../RLC_serialCheck_bsp//obj/HAL/src/crt0.o
 .debug_aranges
                0x0000000000000028       0x20 ../RLC_serialCheck_bsp/\libhal_bsp.a(alt_load.o)
 .debug_aranges
                0x0000000000000048       0x20 ../RLC_serialCheck_bsp/\libhal_bsp.a(alt_main.o)
 .debug_aranges
                0x0000000000000068       0x20 ../RLC_serialCheck_bsp/\libhal_bsp.a(alt_sys_init.o)
 .debug_aranges
                0x0000000000000088       0x20 ../RLC_serialCheck_bsp/\libhal_bsp.a(alt_dcache_flush_all.o)
 .debug_aranges
                0x00000000000000a8       0x20 ../RLC_serialCheck_bsp/\libhal_bsp.a(alt_icache_flush_all.o)
 .debug_aranges
                0x00000000000000c8       0x20 ../RLC_serialCheck_bsp/\libhal_bsp.a(altera_nios2_qsys_irq.o)

.debug_pubnames
 *(.debug_pubnames)

.debug_info     0x0000000000000000      0x6e5
 *(.debug_info .gnu.linkonce.wi.*)
 .debug_info    0x0000000000000000       0x78 ../RLC_serialCheck_bsp//obj/HAL/src/crt0.o
 .debug_info    0x0000000000000078      0x1c9 ../RLC_serialCheck_bsp/\libhal_bsp.a(alt_load.o)
 .debug_info    0x0000000000000241      0x169 ../RLC_serialCheck_bsp/\libhal_bsp.a(alt_main.o)
 .debug_info    0x00000000000003aa      0x185 ../RLC_serialCheck_bsp/\libhal_bsp.a(alt_sys_init.o)
 .debug_info    0x000000000000052f       0x92 ../RLC_serialCheck_bsp/\libhal_bsp.a(alt_dcache_flush_all.o)
 .debug_info    0x00000000000005c1       0x92 ../RLC_serialCheck_bsp/\libhal_bsp.a(alt_icache_flush_all.o)
 .debug_info    0x0000000000000653       0x92 ../RLC_serialCheck_bsp/\libhal_bsp.a(altera_nios2_qsys_irq.o)

.debug_abbrev   0x0000000000000000      0x3a5
 *(.debug_abbrev)
 .debug_abbrev  0x0000000000000000       0x12 ../RLC_serialCheck_bsp//obj/HAL/src/crt0.o
 .debug_abbrev  0x0000000000000012       0xd8 ../RLC_serialCheck_bsp/\libhal_bsp.a(alt_load.o)
 .debug_abbrev  0x00000000000000ea       0xee ../RLC_serialCheck_bsp/\libhal_bsp.a(alt_main.o)
 .debug_abbrev  0x00000000000001d8      0x107 ../RLC_serialCheck_bsp/\libhal_bsp.a(alt_sys_init.o)
 .debug_abbrev  0x00000000000002df       0x42 ../RLC_serialCheck_bsp/\libhal_bsp.a(alt_dcache_flush_all.o)
 .debug_abbrev  0x0000000000000321       0x42 ../RLC_serialCheck_bsp/\libhal_bsp.a(alt_icache_flush_all.o)
 .debug_abbrev  0x0000000000000363       0x42 ../RLC_serialCheck_bsp/\libhal_bsp.a(altera_nios2_qsys_irq.o)

.debug_line     0x0000000000000000      0x3b5
 *(.debug_line)
 .debug_line    0x0000000000000000       0x66 ../RLC_serialCheck_bsp//obj/HAL/src/crt0.o
 .debug_line    0x0000000000000066       0xa5 ../RLC_serialCheck_bsp/\libhal_bsp.a(alt_load.o)
 .debug_line    0x000000000000010b       0xbd ../RLC_serialCheck_bsp/\libhal_bsp.a(alt_main.o)
 .debug_line    0x00000000000001c8      0x101 ../RLC_serialCheck_bsp/\libhal_bsp.a(alt_sys_init.o)
 .debug_line    0x00000000000002c9       0x4e ../RLC_serialCheck_bsp/\libhal_bsp.a(alt_dcache_flush_all.o)
 .debug_line    0x0000000000000317       0x4e ../RLC_serialCheck_bsp/\libhal_bsp.a(alt_icache_flush_all.o)
 .debug_line    0x0000000000000365       0x50 ../RLC_serialCheck_bsp/\libhal_bsp.a(altera_nios2_qsys_irq.o)

.debug_frame    0x0000000000000000       0xf8
 *(.debug_frame)
 .debug_frame   0x0000000000000000       0x30 ../RLC_serialCheck_bsp/\libhal_bsp.a(alt_load.o)
 .debug_frame   0x0000000000000030       0x2c ../RLC_serialCheck_bsp/\libhal_bsp.a(alt_main.o)
 .debug_frame   0x000000000000005c       0x3c ../RLC_serialCheck_bsp/\libhal_bsp.a(alt_sys_init.o)
 .debug_frame   0x0000000000000098       0x20 ../RLC_serialCheck_bsp/\libhal_bsp.a(alt_dcache_flush_all.o)
 .debug_frame   0x00000000000000b8       0x20 ../RLC_serialCheck_bsp/\libhal_bsp.a(alt_icache_flush_all.o)
 .debug_frame   0x00000000000000d8       0x20 ../RLC_serialCheck_bsp/\libhal_bsp.a(altera_nios2_qsys_irq.o)

.debug_str      0x0000000000000000      0x3a9
 *(.debug_str)
 .debug_str     0x0000000000000000      0x20c ../RLC_serialCheck_bsp/\libhal_bsp.a(alt_load.o)
                                        0x245 (size before relaxing)
 .debug_str     0x000000000000020c       0x8f ../RLC_serialCheck_bsp/\libhal_bsp.a(alt_main.o)
                                        0x1be (size before relaxing)
 .debug_str     0x000000000000029b       0xb0 ../RLC_serialCheck_bsp/\libhal_bsp.a(alt_sys_init.o)
                                        0x22d (size before relaxing)
 .debug_str     0x000000000000034b       0x1f ../RLC_serialCheck_bsp/\libhal_bsp.a(alt_dcache_flush_all.o)
                                        0x15e (size before relaxing)
 .debug_str     0x000000000000036a       0x1f ../RLC_serialCheck_bsp/\libhal_bsp.a(alt_icache_flush_all.o)
                                        0x15e (size before relaxing)
 .debug_str     0x0000000000000389       0x20 ../RLC_serialCheck_bsp/\libhal_bsp.a(altera_nios2_qsys_irq.o)
                                        0x165 (size before relaxing)

.debug_loc      0x0000000000000000       0x21
 *(.debug_loc)
 .debug_loc     0x0000000000000000       0x21 ../RLC_serialCheck_bsp/\libhal_bsp.a(alt_sys_init.o)

.debug_macinfo
 *(.debug_macinfo)

.debug_weaknames
 *(.debug_weaknames)

.debug_funcnames
 *(.debug_funcnames)

.debug_typenames
 *(.debug_typenames)

.debug_varnames
 *(.debug_varnames)

.debug_alt_sim_info
                0x0000000000000000       0x10
 *(.debug_alt_sim_info)
 .debug_alt_sim_info
                0x0000000000000000       0x10 ../RLC_serialCheck_bsp//obj/HAL/src/crt0.o
                0x0000000000070d40                __alt_data_end = 0x70d40
                0x0000000000070d40                PROVIDE (__alt_stack_pointer, __alt_data_end)
                [!provide]                        PROVIDE (__alt_stack_limit, __alt_stack_base)
                [!provide]                        PROVIDE (__alt_heap_start, end)
                [!provide]                        PROVIDE (__alt_heap_limit, 0x70d40)
OUTPUT(RLC_serialCheck.elf elf32-littlenios2)

.debug_ranges   0x0000000000000000       0x68
 .debug_ranges  0x0000000000000000       0x20 ../RLC_serialCheck_bsp//obj/HAL/src/crt0.o
 .debug_ranges  0x0000000000000020       0x48 ../RLC_serialCheck_bsp/\libhal_bsp.a(alt_load.o)
